exports[`test renders correctly 1`] = `
<View
  accessibilityComponentType={undefined}
  accessibilityLabel={undefined}
  accessibilityTraits={undefined}
  accessible={true}
  hitSlop={undefined}
  onLayout={undefined}
  onResponderGrant={[Function]}
  onResponderMove={[Function]}
  onResponderRelease={[Function]}
  onResponderTerminate={[Function]}
  onResponderTerminationRequest={[Function]}
  onStartShouldSetResponder={[Function]}
  style={
    Array [
      Object {
        "backgroundColor": "transparent",
      },
      Object {
        "backgroundColor": "#F7E74A",
        "borderRadius": 5,
        "margin": 10,
        "padding": 5,
        "shadowColor": "#000000",
        "shadowOpacity": 0.3,
        "shadowRadius": 3,
        "width": 80,
      },
    ]
  }
  testID={undefined}>
  <Text
    accessible={true}
    allowFontScaling={true}
    ellipsizeMode="tail"
    style={
      Object {
        "color": "#02556D",
        "fontSize": 18,
        "textAlign": "center",
      }
    }>
    Save
  </Text>
</View>
`;
